
C:\Projects\POE>git add -A 

C:\Projects\POE>git commit -am "R1 lvl87 DPS      " 
[230801 67f69da] R1 lvl87 DPS
 2 files changed, 63 insertions(+), 57 deletions(-)
 create mode 100644 1m

C:\Projects\POE>git fetch 

C:\Projects\POE>git merge -X theirs 

C:\Projects\POE>git commit -am "merged theirs" 
[230801 6d9e54b] merged theirs
 1 file changed, 9 insertions(+)

C:\Projects\POE>git push origin HEAD 
